// Jest Snapshot v1, https://goo.gl/fbAQLP

exports[`<GetSupport /> renders correctly 1`] = `
<div
  id="support"
>
  <span
    className="mdc-typography--headline4"
  >
    Get Support
  </span>
  <p>
    <span
      className="mdc-typography--body1"
    >
      To get support, you can either
       
      <a
        href="https://www.spigotmc.org/members/rexcantor64.165436/"
        rel="noopener noreferrer"
        target="_blank"
      >
        DM me on Spigot
      </a>
       
      or email 
      <a
        href="mailto:me@rexcantor64.com"
      >
        me@rexcantor64.com
      </a>
      .
    </span>
  </p>
  <p>
    <span
      className="mdc-typography--body1"
    >
      Alternatively, you can get support from the community by joining our Discord server:
    </span>
  </p>
  <div>
    <iframe
      allowtransparency="true"
      frameBorder="0"
      src="https://discordapp.com/widget?id=395565283047374850&theme=dark"
      title="Discord"
    />
  </div>
</div>
`;
