// Jest Snapshot v1, https://goo.gl/fbAQLP

exports[`<FAQ /> renders correctly 1`] = `
<div
  id="faq"
>
  <span
    className="mdc-typography--headline4"
  >
    Frequently Asked Questions
  </span>
  <div
    className="mdc-layout-grid"
  >
    <div
      className="mdc-layout-grid__inner"
    >
      <div
        className="mdc-layout-grid__cell mdc-layout-grid__cell--span-4"
      >
        <div
          className="mdc-elevation--z8"
        >
          <div>
            <i
              className="rmwc-icon material-icons"
            >
              comment-question.svg
            </i>
            <span
              className="mdc-typography--headline6"
            >
              If the API is free, why would I pay for the plugin?
            </span>
          </div>
          <br />
          <span
            className="mdc-typography--body1"
          >
            The API does not contain any plugin code or functionality, it simply contains the documentation and names of methods - allowing a developer to compile their own plugin. The API does nothing by itself and will not function as a plugin.
          </span>
        </div>
      </div>
      <div
        className="mdc-layout-grid__cell mdc-layout-grid__cell--span-4"
      >
        <div
          className="mdc-elevation--z8"
        >
          <div>
            <i
              className="rmwc-icon material-icons"
            >
              comment-question.svg
            </i>
            <span
              className="mdc-typography--headline6"
            >
              Where can I request features?
            </span>
          </div>
          <br />
          <span
            className="mdc-typography--body1"
          >
            You can open an "issue" on our
             
            <a
              href="/github_issues"
              target="_blank"
            >
              GitHub
            </a>
             
            or visit our
             
            <a
              href="/discord"
              target="_blank"
            >
              Discord server
            </a>
            .
          </span>
        </div>
      </div>
      <div
        className="mdc-layout-grid__cell mdc-layout-grid__cell--span-4"
      >
        <div
          className="mdc-elevation--z8"
        >
          <div>
            <i
              className="rmwc-icon material-icons"
            >
              comment-question.svg
            </i>
            <span
              className="mdc-typography--headline6"
            >
              Where are the commands/permissions and installation instructions?
            </span>
          </div>
          <br />
          <span
            className="mdc-typography--body1"
          >
            They are in our documentation. Take a look 
            <a
              href="/docs"
            >
              here
            </a>
            .
          </span>
        </div>
      </div>
      <div
        className="mdc-layout-grid__cell mdc-layout-grid__cell--span-4"
      >
        <div
          className="mdc-elevation--z8"
        >
          <div>
            <i
              className="rmwc-icon material-icons"
            >
              comment-question.svg
            </i>
            <span
              className="mdc-typography--headline6"
            >
              When I try to use specials characters like (ãáàçñ, etc) on the languages.json file, some weird characters appear.
            </span>
          </div>
          <br />
          <span
            className="mdc-typography--body1"
          >
            There is a problem with the encoding of the file. Try another encoding.
          </span>
        </div>
      </div>
      <div
        className="mdc-layout-grid__cell mdc-layout-grid__cell--span-4"
      >
        <div
          className="mdc-elevation--z8"
        >
          <div>
            <i
              className="rmwc-icon material-icons"
            >
              comment-question.svg
            </i>
            <span
              className="mdc-typography--headline6"
            >
              The plugin isn't working for me or I have some issue.
            </span>
          </div>
          <br />
          <span
            className="mdc-typography--body1"
          >
            For any questions, join our
             
            <a
              href="/discord"
              target="_blank"
            >
              Discord
            </a>
             
            server. If you've found a bug, please open an issue on our
             
            <a
              href="/github_issues"
              target="_blank"
            >
              GitHub
            </a>
            .
          </span>
        </div>
      </div>
    </div>
  </div>
</div>
`;
